15:19:56 **** Incremental Build of configuration Debug for project 500mc ****
make -j12 all 
arm-none-eabi-gcc "../Core/Src/freertos.c" -mcpu=cortex-m4 -std=gnu11 -g3 -DDEBUG -DUSE_HAL_DRIVER -DSTM32F401xE -c -I../Core/Inc -I../Drivers/STM32F4xx_HAL_Driver/Inc -I../Drivers/STM32F4xx_HAL_Driver/Inc/Legacy -I../Drivers/CMSIS/Device/ST/STM32F4xx/Include -I../Drivers/CMSIS/Include -I../Middlewares/Third_Party/FreeRTOS/Source/include -I../Middlewares/Third_Party/FreeRTOS/Source/CMSIS_RTOS_V2 -I../Middlewares/Third_Party/FreeRTOS/Source/portable/GCC/ARM_CM4F -O0 -ffunction-sections -fdata-sections -Wall -fstack-usage -fcyclomatic-complexity -MMD -MP -MF"Core/Src/freertos.d" -MT"Core/Src/freertos.o" --specs=nano.specs -mfpu=fpv4-sp-d16 -mfloat-abi=hard -mthumb -o "Core/Src/freertos.o"
arm-none-eabi-gcc -o "500mc.elf" @"objects.list"   -mcpu=cortex-m4 -T"D:\STMProj\500mc\STM32F401RETX_FLASH.ld" --specs=nosys.specs -Wl,-Map="500mc.map" -Wl,--gc-sections -static --specs=nano.specs -mfpu=fpv4-sp-d16 -mfloat-abi=hard -mthumb -Wl,--start-group -lc -lm -Wl,--end-group
Finished building target: 500mc.elf
 
arm-none-eabi-size  500mc.elf 
arm-none-eabi-objdump -h -S 500mc.elf  > "500mc.list"
   text	   data	    bss	    dec	    hex	filename
  21280	     96	  20968	  42344	   a568	500mc.elf
Finished building: default.size.stdout
 
Finished building: 500mc.list
 

15:19:57 Build Finished. 0 errors, 0 warnings. (took 1s.409ms)

