01:16:02 **** Incremental Build of configuration Debug for project ButtonAndSecondLD ****
make -j12 all 
arm-none-eabi-gcc "../Core/Src/main.c" -mcpu=cortex-m4 -std=gnu11 -g3 -DDEBUG -DUSE_HAL_DRIVER -DSTM32F401xE -c -I../Core/Inc -I../Drivers/STM32F4xx_HAL_Driver/Inc -I../Drivers/STM32F4xx_HAL_Driver/Inc/Legacy -I../Drivers/CMSIS/Device/ST/STM32F4xx/Include -I../Drivers/CMSIS/Include -O0 -ffunction-sections -fdata-sections -Wall -fstack-usage -fcyclomatic-complexity -MMD -MP -MF"Core/Src/main.d" -MT"Core/Src/main.o" --specs=nano.specs -mfpu=fpv4-sp-d16 -mfloat-abi=hard -mthumb -o "Core/Src/main.o"
arm-none-eabi-gcc -o "ButtonAndSecondLD.elf" @"objects.list"   -mcpu=cortex-m4 -T"D:\STMProj\ButtonAndSecondLD\STM32F401RETX_FLASH.ld" --specs=nosys.specs -Wl,-Map="ButtonAndSecondLD.map" -Wl,--gc-sections -static --specs=nano.specs -mfpu=fpv4-sp-d16 -mfloat-abi=hard -mthumb -Wl,--start-group -lc -lm -Wl,--end-group
Finished building target: ButtonAndSecondLD.elf
 
arm-none-eabi-size  ButtonAndSecondLD.elf 
arm-none-eabi-objdump -h -S ButtonAndSecondLD.elf  > "ButtonAndSecondLD.list"
   text	   data	    bss	    dec	    hex	filename
   7940	     12	   1652	   9604	   2584	ButtonAndSecondLD.elf
Finished building: default.size.stdout
 
Finished building: ButtonAndSecondLD.list
 

01:16:03 Build Finished. 0 errors, 0 warnings. (took 1s.27ms)

