16:39:00 **** Incremental Build of configuration Debug for project Prerivanie ****
make -j12 all 
arm-none-eabi-gcc "../Core/Src/main.c" -mcpu=cortex-m4 -std=gnu11 -g3 -DDEBUG -DUSE_HAL_DRIVER -DSTM32F401xE -c -I../Core/Inc -I../Drivers/STM32F4xx_HAL_Driver/Inc -I../Drivers/STM32F4xx_HAL_Driver/Inc/Legacy -I../Drivers/CMSIS/Device/ST/STM32F4xx/Include -I../Drivers/CMSIS/Include -O0 -ffunction-sections -fdata-sections -Wall -fstack-usage -fcyclomatic-complexity -MMD -MP -MF"Core/Src/main.d" -MT"Core/Src/main.o" --specs=nano.specs -mfpu=fpv4-sp-d16 -mfloat-abi=hard -mthumb -o "Core/Src/main.o"
arm-none-eabi-gcc -o "Prerivanie.elf" @"objects.list"   -mcpu=cortex-m4 -T"D:\STMProj\Prerivanie\STM32F401RETX_FLASH.ld" --specs=nosys.specs -Wl,-Map="Prerivanie.map" -Wl,--gc-sections -static --specs=nano.specs -mfpu=fpv4-sp-d16 -mfloat-abi=hard -mthumb -Wl,--start-group -lc -lm -Wl,--end-group
Finished building target: Prerivanie.elf
 
arm-none-eabi-size  Prerivanie.elf 
arm-none-eabi-objdump -h -S Prerivanie.elf  > "Prerivanie.list"
   text	   data	    bss	    dec	    hex	filename
  10144	     12	   1644	  11800	   2e18	Prerivanie.elf
Finished building: default.size.stdout
 
Finished building: Prerivanie.list
 
16:39:03 **** Incremental Build of configuration Debug for project Prerivanie ****
make -j12 all 
arm-none-eabi-size  Prerivanie.elf 
   text	   data	    bss	    dec	    hex	filename
  10144	     12	   1644	  11800	   2e18	Prerivanie.elf
Finished building: default.size.stdout
 
16:42:07 **** Incremental Build of configuration Debug for project Prerivanie ****
make -j12 all 
arm-none-eabi-size  Prerivanie.elf 
   text	   data	    bss	    dec	    hex	filename
  10144	     12	   1644	  11800	   2e18	Prerivanie.elf
Finished building: default.size.stdout
 
16:44:41 **** Incremental Build of configuration Debug for project Prerivanie ****
make -j12 all 
arm-none-eabi-size  Prerivanie.elf 
   text	   data	    bss	    dec	    hex	filename
  10144	     12	   1644	  11800	   2e18	Prerivanie.elf
Finished building: default.size.stdout
 
16:45:19 **** Incremental Build of configuration Debug for project Prerivanie ****
make -j12 all 
arm-none-eabi-size  Prerivanie.elf 
   text	   data	    bss	    dec	    hex	filename
  10144	     12	   1644	  11800	   2e18	Prerivanie.elf
Finished building: default.size.stdout
 
16:50:14 **** Incremental Build of configuration Debug for project Prerivanie ****
make -j12 all 
arm-none-eabi-gcc "../Core/Src/main.c" -mcpu=cortex-m4 -std=gnu11 -g3 -DDEBUG -DUSE_HAL_DRIVER -DSTM32F401xE -c -I../Core/Inc -I../Drivers/STM32F4xx_HAL_Driver/Inc -I../Drivers/STM32F4xx_HAL_Driver/Inc/Legacy -I../Drivers/CMSIS/Device/ST/STM32F4xx/Include -I../Drivers/CMSIS/Include -O0 -ffunction-sections -fdata-sections -Wall -fstack-usage -fcyclomatic-complexity -MMD -MP -MF"Core/Src/main.d" -MT"Core/Src/main.o" --specs=nano.specs -mfpu=fpv4-sp-d16 -mfloat-abi=hard -mthumb -o "Core/Src/main.o"
arm-none-eabi-gcc "../Core/Src/usart.c" -mcpu=cortex-m4 -std=gnu11 -g3 -DDEBUG -DUSE_HAL_DRIVER -DSTM32F401xE -c -I../Core/Inc -I../Drivers/STM32F4xx_HAL_Driver/Inc -I../Drivers/STM32F4xx_HAL_Driver/Inc/Legacy -I../Drivers/CMSIS/Device/ST/STM32F4xx/Include -I../Drivers/CMSIS/Include -O0 -ffunction-sections -fdata-sections -Wall -fstack-usage -fcyclomatic-complexity -MMD -MP -MF"Core/Src/usart.d" -MT"Core/Src/usart.o" --specs=nano.specs -mfpu=fpv4-sp-d16 -mfloat-abi=hard -mthumb -o "Core/Src/usart.o"
arm-none-eabi-gcc -o "Prerivanie.elf" @"objects.list"   -mcpu=cortex-m4 -T"D:\STMProj\Prerivanie\STM32F401RETX_FLASH.ld" --specs=nosys.specs -Wl,-Map="Prerivanie.map" -Wl,--gc-sections -static --specs=nano.specs -mfpu=fpv4-sp-d16 -mfloat-abi=hard -mthumb -Wl,--start-group -lc -lm -Wl,--end-group
Finished building target: Prerivanie.elf
 
arm-none-eabi-size  Prerivanie.elf 
arm-none-eabi-objdump -h -S Prerivanie.elf  > "Prerivanie.list"
   text	   data	    bss	    dec	    hex	filename
  10144	     12	   1644	  11800	   2e18	Prerivanie.elf
Finished building: default.size.stdout
 
Finished building: Prerivanie.list
 
16:50:27 **** Incremental Build of configuration Debug for project Prerivanie ****
make -j12 all 
arm-none-eabi-size  Prerivanie.elf 
   text	   data	    bss	    dec	    hex	filename
  10144	     12	   1644	  11800	   2e18	Prerivanie.elf
Finished building: default.size.stdout
 
16:57:08 **** Incremental Build of configuration Debug for project Prerivanie ****
make -j12 all 
arm-none-eabi-gcc "../Core/Src/main.c" -mcpu=cortex-m4 -std=gnu11 -g3 -DDEBUG -DUSE_HAL_DRIVER -DSTM32F401xE -c -I../Core/Inc -I../Drivers/STM32F4xx_HAL_Driver/Inc -I../Drivers/STM32F4xx_HAL_Driver/Inc/Legacy -I../Drivers/CMSIS/Device/ST/STM32F4xx/Include -I../Drivers/CMSIS/Include -O0 -ffunction-sections -fdata-sections -Wall -fstack-usage -fcyclomatic-complexity -MMD -MP -MF"Core/Src/main.d" -MT"Core/Src/main.o" --specs=nano.specs -mfpu=fpv4-sp-d16 -mfloat-abi=hard -mthumb -o "Core/Src/main.o"
arm-none-eabi-gcc -o "Prerivanie.elf" @"objects.list"   -mcpu=cortex-m4 -T"D:\STMProj\Prerivanie\STM32F401RETX_FLASH.ld" --specs=nosys.specs -Wl,-Map="Prerivanie.map" -Wl,--gc-sections -static --specs=nano.specs -mfpu=fpv4-sp-d16 -mfloat-abi=hard -mthumb -Wl,--start-group -lc -lm -Wl,--end-group
Finished building target: Prerivanie.elf
 
arm-none-eabi-size  Prerivanie.elf 
arm-none-eabi-objdump -h -S Prerivanie.elf  > "Prerivanie.list"
   text	   data	    bss	    dec	    hex	filename
  10112	     12	   1644	  11768	   2df8	Prerivanie.elf
Finished building: default.size.stdout
 
Finished building: Prerivanie.list
 
16:57:49 **** Incremental Build of configuration Debug for project Prerivanie ****
make -j12 all 
arm-none-eabi-gcc "../Core/Src/main.c" -mcpu=cortex-m4 -std=gnu11 -g3 -DDEBUG -DUSE_HAL_DRIVER -DSTM32F401xE -c -I../Core/Inc -I../Drivers/STM32F4xx_HAL_Driver/Inc -I../Drivers/STM32F4xx_HAL_Driver/Inc/Legacy -I../Drivers/CMSIS/Device/ST/STM32F4xx/Include -I../Drivers/CMSIS/Include -O0 -ffunction-sections -fdata-sections -Wall -fstack-usage -fcyclomatic-complexity -MMD -MP -MF"Core/Src/main.d" -MT"Core/Src/main.o" --specs=nano.specs -mfpu=fpv4-sp-d16 -mfloat-abi=hard -mthumb -o "Core/Src/main.o"
arm-none-eabi-gcc -o "Prerivanie.elf" @"objects.list"   -mcpu=cortex-m4 -T"D:\STMProj\Prerivanie\STM32F401RETX_FLASH.ld" --specs=nosys.specs -Wl,-Map="Prerivanie.map" -Wl,--gc-sections -static --specs=nano.specs -mfpu=fpv4-sp-d16 -mfloat-abi=hard -mthumb -Wl,--start-group -lc -lm -Wl,--end-group
Finished building target: Prerivanie.elf
 
arm-none-eabi-size  Prerivanie.elf 
arm-none-eabi-objdump -h -S Prerivanie.elf  > "Prerivanie.list"
   text	   data	    bss	    dec	    hex	filename
  10116	     12	   1644	  11772	   2dfc	Prerivanie.elf
Finished building: default.size.stdout
 
Finished building: Prerivanie.list
 
16:59:11 **** Incremental Build of configuration Debug for project Prerivanie ****
make -j12 all 
arm-none-eabi-size  Prerivanie.elf 
   text	   data	    bss	    dec	    hex	filename
  10116	     12	   1644	  11772	   2dfc	Prerivanie.elf
Finished building: default.size.stdout
 
