01:21:51 **** Incremental Build of configuration Debug for project Prerivanie ****
make -j12 all 
arm-none-eabi-gcc "../Core/Src/main.c" -mcpu=cortex-m4 -std=gnu11 -g3 -DDEBUG -DUSE_HAL_DRIVER -DSTM32F401xE -c -I../Core/Inc -I../Drivers/STM32F4xx_HAL_Driver/Inc -I../Drivers/STM32F4xx_HAL_Driver/Inc/Legacy -I../Drivers/CMSIS/Device/ST/STM32F4xx/Include -I../Drivers/CMSIS/Include -O0 -ffunction-sections -fdata-sections -Wall -fstack-usage -fcyclomatic-complexity -MMD -MP -MF"Core/Src/main.d" -MT"Core/Src/main.o" --specs=nano.specs -mfpu=fpv4-sp-d16 -mfloat-abi=hard -mthumb -o "Core/Src/main.o"
arm-none-eabi-gcc -o "Prerivanie.elf" @"objects.list"   -mcpu=cortex-m4 -T"D:\STMProj\Prerivanie\STM32F401RETX_FLASH.ld" --specs=nosys.specs -Wl,-Map="Prerivanie.map" -Wl,--gc-sections -static --specs=nano.specs -mfpu=fpv4-sp-d16 -mfloat-abi=hard -mthumb -Wl,--start-group -lc -lm -Wl,--end-group
Finished building target: Prerivanie.elf
 
arm-none-eabi-size  Prerivanie.elf 
arm-none-eabi-objdump -h -S Prerivanie.elf  > "Prerivanie.list"
   text	   data	    bss	    dec	    hex	filename
   8248	     12	   1644	   9904	   26b0	Prerivanie.elf
Finished building: default.size.stdout
 
Finished building: Prerivanie.list
 

01:21:52 Build Finished. 0 errors, 0 warnings. (took 980ms)

