22:52:15 **** Incremental Build of configuration Debug for project Second ****
make -j12 all 
arm-none-eabi-gcc "../Core/Src/main.c" -mcpu=cortex-m4 -std=gnu11 -g3 -DDEBUG -DUSE_HAL_DRIVER -DSTM32F401xE -c -I../Core/Inc -I../Drivers/STM32F4xx_HAL_Driver/Inc -I../Drivers/STM32F4xx_HAL_Driver/Inc/Legacy -I../Drivers/CMSIS/Device/ST/STM32F4xx/Include -I../Drivers/CMSIS/Include -O0 -ffunction-sections -fdata-sections -Wall -fstack-usage -fcyclomatic-complexity -MMD -MP -MF"Core/Src/main.d" -MT"Core/Src/main.o" --specs=nano.specs -mfpu=fpv4-sp-d16 -mfloat-abi=hard -mthumb -o "Core/Src/main.o"
arm-none-eabi-gcc -o "Second.elf" @"objects.list"   -mcpu=cortex-m4 -T"D:\STMProj\Second\STM32F401RETX_FLASH.ld" --specs=nosys.specs -Wl,-Map="Second.map" -Wl,--gc-sections -static --specs=nano.specs -mfpu=fpv4-sp-d16 -mfloat-abi=hard -mthumb -Wl,--start-group -lc -lm -Wl,--end-group
Finished building target: Second.elf
 
arm-none-eabi-size  Second.elf 
arm-none-eabi-objdump -h -S Second.elf  > "Second.list"
   text	   data	    bss	    dec	    hex	filename
   7744	     12	   1644	   9400	   24b8	Second.elf
Finished building: default.size.stdout
 
Finished building: Second.list
 

22:52:16 Build Finished. 0 errors, 0 warnings. (took 1s.56ms)

